Windows PowerShell
Copyright (C) Microsoft Corporation. All rights reserved.

Install the latest PowerShell for new features and improvements! https://aka.ms/PSWindows

PS C:\Users\crima\Downloads\Fase2-Flash&&Requests\Fase2> code .
PS C:\Users\crima\Downloads\Fase2-Flash&&Requests\Fase2> docker build -t img2 .
[+] Building 0.0s (2/2) FINISHED
 => [internal] load build definition from Dockerfile                   0.0s
 => => transferring dockerfile: 248B                                   0.0s
 => [internal] load .dockerignore                                      0.0s
 => => transferring context: 2B                                        0.0s
Dockerfile:5
--------------------
   3 |     RUN python3 -m ensurepip
   4 |     RUN python3 -m pip install flask
   5 | >>> COPY prova.py
   6 |     CMD python3 -m flask --app prova.py run --host 0.0.0.0
--------------------
ERROR: failed to solve: dockerfile parse error on line 5: COPY requires at least two arguments, but only one was provided. Destination could not be determined.
PS C:\Users\crima\Downloads\Fase2-Flash&&Requests\Fase2> docker build -t img2 .
[+] Building 18.2s (10/10) FINISHED
 => [internal] load build definition from Dockerfile                   0.0s
 => => transferring dockerfile: 250B                                   0.0s
 => [internal] load .dockerignore                                      0.0s
 => => transferring context: 2B                                        0.0s
 => [internal] load metadata for docker.io/library/alpine:latest       0.0s
 => CACHED [1/5] FROM docker.io/library/alpine                         0.0s
 => [internal] load build context                                      0.0s
 => => transferring context: 54B                                       0.0s
 => [2/5] RUN apk update && apk add gcc && apk add python3 && apk ad  12.2s
 => [3/5] RUN python3 -m ensurepip                                     3.3s
 => [4/5] RUN python3 -m pip install flask                             2.0s
 => [5/5] COPY prova.py .                                              0.0s
 => exporting to image                                                 0.7s
 => => exporting layers                                                0.7s
 => => writing image sha256:b3265501718e7c06538f092374db2d9b9fb0772c3  0.0s
 => => naming to docker.io/library/img2                                0.0s
PS C:\Users\crima\Downloads\Fase2-Flash&&Requests\Fase2> docker run --name cont -p 5000:5000 -it img2
Ciao mondo
Usage: python -m flask run [OPTIONS]
Try 'python -m flask run --help' for help.

Error: Failed to find Flask application or factory in module 'prova'. Use 'prova:name' to specify one.
PS C:\Users\crima\Downloads\Fase2-Flash&&Requests\Fase2> docker run --name cont -p 5000:5000 -it img2
Ciao mondo
Usage: python -m flask run [OPTIONS]
Try 'python -m flask run --help' for help.

Error: Failed to find Flask application or factory in module 'prova'. Use 'prova:name' to specify one.
PS C:\Users\crima\Downloads\Fase2-Flash&&Requests\Fase2> docker run --name cont -p 5000:5000 -it img2
Ciao mondo
Usage: python -m flask run [OPTIONS]
Try 'python -m flask run --help' for help.

Error: Failed to find Flask application or factory in module 'prova'. Use 'prova:name' to specify one.
PS C:\Users\crima\Downloads\Fase2-Flash&&Requests\Fase2> docker build -t img2 .
[+] Building 0.0s (10/10) FINISHED
 => [internal] load .dockerignore                                      0.0s
 => => transferring context: 2B                                        0.0s
 => [internal] load build definition from Dockerfile                   0.0s
 => => transferring dockerfile: 250B                                   0.0s
 => [internal] load metadata for docker.io/library/alpine:latest       0.0s
 => [1/5] FROM docker.io/library/alpine                                0.0s
 => [internal] load build context                                      0.0s
 => => transferring context: 29B                                       0.0s
 => CACHED [2/5] RUN apk update && apk add gcc && apk add python3 &&   0.0s
 => CACHED [3/5] RUN python3 -m ensurepip                              0.0s
 => CACHED [4/5] RUN python3 -m pip install flask                      0.0s
 => CACHED [5/5] COPY prova.py .                                       0.0s
 => exporting to image                                                 0.0s
 => => exporting layers                                                0.0s
 => => writing image sha256:b3265501718e7c06538f092374db2d9b9fb0772c3  0.0s
 => => naming to docker.io/library/img2                                0.0s
PS C:\Users\crima\Downloads\Fase2-Flash&&Requests\Fase2> docker run --name cont -p 5000:5000 -it img2
Ciao mondo
Usage: python -m flask run [OPTIONS]
Try 'python -m flask run --help' for help.

Error: Failed to find Flask application or factory in module 'prova'. Use 'prova:name' to specify one.
PS C:\Users\crima\Downloads\Fase2-Flash&&Requests\Fase2> docker build -t img2 .
[+] Building 0.1s (10/10) FINISHED
 => [internal] load build definition from Dockerfile                   0.0s
 => => transferring dockerfile: 250B                                   0.0s
 => [internal] load .dockerignore                                      0.0s
 => => transferring context: 2B                                        0.0s
 => [internal] load metadata for docker.io/library/alpine:latest       0.0s
 => [1/5] FROM docker.io/library/alpine                                0.0s
 => [internal] load build context                                      0.0s
 => => transferring context: 148B                                      0.0s
 => CACHED [2/5] RUN apk update && apk add gcc && apk add python3 &&   0.0s
 => CACHED [3/5] RUN python3 -m ensurepip                              0.0s
 => CACHED [4/5] RUN python3 -m pip install flask                      0.0s
 => [5/5] COPY prova.py .                                              0.0s
 => exporting to image                                                 0.0s
 => => exporting layers                                                0.0s
 => => writing image sha256:e8cf93cff8c2f25a0adba2e0c36d79b10820eac3b  0.0s
 => => naming to docker.io/library/img2                                0.0s
PS C:\Users\crima\Downloads\Fase2-Flash&&Requests\Fase2> docker run --name cont -p 5000:5000 -it img2
 * Serving Flask app 'prova.py'
 * Debug mode: off
WARNING: This is a development server. Do not use it in a production deployment. Use a production WSGI server instead.
 * Running on all addresses (0.0.0.0)
 * Running on http://127.0.0.1:5000
 * Running on http://172.17.0.2:5000
Press CTRL+C to quit
172.17.0.1 - - [12/May/2023 06:57:03] "GET / HTTP/1.1" 200 -
172.17.0.1 - - [12/May/2023 06:57:03] "GET /favicon.ico HTTP/1.1" 404 -
